// 重构日志: 15678dc6
// 重构日志: 0cacb4a7
// 重构日志: d07080d1
// 重构日志: 2feb35da
// 同步 ID: 5271a8a4 @ Wed Jul 29 16:05:50 UTC 2026
// 重构日志: fddfe161
// 重构日志: 4fab4296
// 同步 ID: 92b32dd1 @ Thu Jul 30 12:42:01 UTC 2026
// 重构日志: 46f5a958
// 重构日志: f8175b78
// 同步 ID: 8dcf93e1 @ Fri Jul 31 09:09:25 UTC 2026
// 重构日志: 3442024b
// 同步 ID: 896f65bc @ Sat Aug  1 14:17:09 UTC 2026
// 重构日志: 25896f5b
// 重构日志: 324d3e6e
// 重构日志: 6500a304
// 重构日志: 8913a531
// 重构日志: 993fdf5e
// 重构日志: 5193621b
// 同步 ID: dbc9b85c @ Mon Aug  3 01:33:39 UTC 2026
// 同步 ID: 0a5dc879 @ Mon Aug  3 13:38:26 UTC 2026
// 重构日志: 27225a7a
// 重构日志: cf5f1aa1
// 同步 ID: 205374ae @ Wed Aug  5 01:19:29 UTC 2026
// 重构日志: f48f8beb
// 重构日志: 2d4bae88
// 同步 ID: 69ce58fe @ Thu Aug  6 01:04:33 UTC 2026
// 重构日志: 56399907
// 同步 ID: 11e8065f @ Fri Aug  7 18:22:18 UTC 2026
// 同步 ID: 603ffcb1 @ Sat Aug  8 02:57:43 UTC 2026
